The request analysis.setContextRoots failed with the following error:
RequestErrorCode.PLUGIN_ERROR
Exception: Failed to run "pub get" in the client project:
Resolving dependencies...

The current Dart SDK version is 3.10.0-290.4.beta.

Because custom_lint_client requires SDK version 3.11.5, version solving failed.


You can try the following suggestion to make the pubspec resolve:
* Try using the Dart SDK version: 3.11.5. See https://dart.dev/get-dart.

at:
#0      CustomLintWorkspace.runPubGet (package:custom_lint/src/workspace.dart:774)
<asynchronous suspension>
#1      CustomLintWorkspace.resolvePluginHost (package:custom_lint/src/workspace.dart:757)
<asynchronous suspension>
#2      SocketCustomLintServerToClientChannel._startProcess (package:custom_lint/src/v2/server_to_client_channel.dart:151)
<asynchronous suspension>
#3      SocketCustomLintServerToClientChannel.init (package:custom_lint/src/v2/server_to_client_channel.dart:111)
<asynchronous suspension>
#4      CustomLintServer._maybeSpawnCustomLintPlugin (package:custom_lint/src/v2/custom_lint_analyzer_plugin.dart:396)
<asynchronous suspension>
#5      CustomLintServer._handleAnalysisSetContextRoots.<anonymous closure> (package:custom_lint/src/v2/custom_lint_analyzer_plugin.dart:343)
<asynchronous suspension>
#6      PendingOperation.run (package:custom_lint/src/async_operation.dart:22)
<asynchronous suspension>
#7      CustomLintServer._handleRequest (package:custom_lint/src/v2/custom_lint_analyzer_plugin.dart:175)
<asynchronous suspension>

The request analysis.setContextRoots failed with the following error:
RequestErrorCode.PLUGIN_ERROR
Exception: Failed to run "pub get" in the client project:
Resolving dependencies...

The current Dart SDK version is 3.10.0-290.4.beta.

Because custom_lint_client requires SDK version 3.11.5, version solving failed.


You can try the following suggestion to make the pubspec resolve:
* Try using the Dart SDK version: 3.11.5. See https://dart.dev/get-dart.

at:
#0      CustomLintWorkspace.runPubGet (package:custom_lint/src/workspace.dart:774)
<asynchronous suspension>
#1      CustomLintWorkspace.resolvePluginHost (package:custom_lint/src/workspace.dart:757)
<asynchronous suspension>
#2      SocketCustomLintServerToClientChannel._startProcess (package:custom_lint/src/v2/server_to_client_channel.dart:151)
<asynchronous suspension>
#3      SocketCustomLintServerToClientChannel.init (package:custom_lint/src/v2/server_to_client_channel.dart:111)
<asynchronous suspension>
#4      CustomLintServer._maybeSpawnCustomLintPlugin (package:custom_lint/src/v2/custom_lint_analyzer_plugin.dart:396)
<asynchronous suspension>
#5      CustomLintServer._handleAnalysisSetContextRoots.<anonymous closure> (package:custom_lint/src/v2/custom_lint_analyzer_plugin.dart:343)
<asynchronous suspension>
#6      PendingOperation.run (package:custom_lint/src/async_operation.dart:22)
<asynchronous suspension>
#7      CustomLintServer._handleRequest (package:custom_lint/src/v2/custom_lint_analyzer_plugin.dart:175)
<asynchronous suspension>

The request analysis.setContextRoots failed with the following error:
RequestErrorCode.PLUGIN_ERROR
Exception: Failed to run "pub get" in the client project:
Resolving dependencies...

The current Dart SDK version is 3.10.0-290.4.beta.

Because custom_lint_client requires SDK version 3.11.5, version solving failed.


You can try the following suggestion to make the pubspec resolve:
* Try using the Dart SDK version: 3.11.5. See https://dart.dev/get-dart.

at:
#0      CustomLintWorkspace.runPubGet (package:custom_lint/src/workspace.dart:774)
<asynchronous suspension>
#1      CustomLintWorkspace.resolvePluginHost (package:custom_lint/src/workspace.dart:757)
<asynchronous suspension>
#2      SocketCustomLintServerToClientChannel._startProcess (package:custom_lint/src/v2/server_to_client_channel.dart:151)
<asynchronous suspension>
#3      SocketCustomLintServerToClientChannel.init (package:custom_lint/src/v2/server_to_client_channel.dart:111)
<asynchronous suspension>
#4      CustomLintServer._maybeSpawnCustomLintPlugin (package:custom_lint/src/v2/custom_lint_analyzer_plugin.dart:396)
<asynchronous suspension>
#5      CustomLintServer._handleAnalysisSetContextRoots.<anonymous closure> (package:custom_lint/src/v2/custom_lint_analyzer_plugin.dart:343)
<asynchronous suspension>
#6      PendingOperation.run (package:custom_lint/src/async_operation.dart:22)
<asynchronous suspension>
#7      CustomLintServer._handleRequest (package:custom_lint/src/v2/custom_lint_analyzer_plugin.dart:175)
<asynchronous suspension>

